// Jest Snapshot v1, https://goo.gl/fbAQLP

exports[`Home page matches snapshot 1`] = `
<DocumentFragment>
  <section>
    <div
      class="md:w-2/3 lg:h-[calc(100vh-80px)]"
    >
      <article
        class="w-full h-full relative group overflow-hidden bg-violet-light"
      >
        <div
          class="absolute z-10 top-0 left-0"
        >
          <h3
            class="p-3 text-2xl font-bold tracking-wide bg-primary transition duration-500 ease-in-out group-hover:bg-violet group-hover:text-primary-2 md:px-4 md:py-5 md:text-4xl"
            id="product-lightwieght-jacket"
          >
            Lightwieght Jacket
          </h3>
          <span
            class="inline-block px-4 py-3 font-medium tracking-wide text-center bg-primary transition duration-500 ease-in-out group-hover:bg-violet group-hover:text-primary-2 md:px-6 md:py-4 md:text-md"
          >
            249.99 USD
          </span>
        </div>
        <button
          class="absolute z-10 top-0 right-0 p-2 bg-primary transition duration-500 ease-in-out group-hover:bg-violet"
        >
          <svg
            aria-hidden="true"
            class="h-7 w-7 group-hover:text-primary-2"
            fill="none"
            height="24"
            stroke="currentColor"
            viewBox="0 0 24 24"
            width="24"
          >
            <path
              d="M4.318 6.318a4.5 4.5 0 000 6.364L12 20.364l7.682-7.682a4.5 4.5 0 00-6.364-6.364L12 7.636l-1.318-1.318a4.5 4.5 0 00-6.364 0z"
              stroke-linecap="round"
              stroke-linejoin="round"
              stroke-width="2"
            />
          </svg>
        </button>
        <a
          aria-labelledby="product-lightwieght-jacket"
          class="w-full h-full group inline-block bg-pattern-product transition-transform delay-150 duration-700 ease-in-out transform group-hover:scale-[98%]"
          href="/product/jacket"
        >
          <div
            class="h-full w-full transition-transform delay-150 duration-700 ease-in-out transform group-hover:scale-110 group-focus:scale-110"
          >
            <div
              style="display: inline-block; max-width: 100%; overflow: hidden; position: relative; box-sizing: border-box; margin: 0px;"
            >
              <div
                style="box-sizing: border-box; display: block; max-width: 100%;"
              >
                <img
                  alt=""
                  aria-hidden="true"
                  role="presentation"
                  src="data:image/svg+xml;base64,PHN2ZyB3aWR0aD0iMTI4MCIgaGVpZ2h0PSIxMjgwIiB4bWxucz0iaHR0cDovL3d3dy53My5vcmcvMjAwMC9zdmciIHZlcnNpb249IjEuMSIvPg=="
                  style="max-width: 100%; display: block; margin: 0px; padding: 0px;"
                />
              </div>
              <noscript />
              <img
                alt="black lightwieght jacket"
                decoding="async"
                src="data:image/gif;base64,R0lGODlhAQABAIAAAAAAAP///yH5BAEAAAAALAAAAAABAAEAAAIBRAA7"
                style="position: absolute; top: 0px; left: 0px; bottom: 0px; right: 0px; box-sizing: border-box; padding: 0px; margin: auto; display: block; width: 0px; height: 0px; min-width: 100%; max-width: 100%; min-height: 100%; max-height: 100%;"
              />
            </div>
          </div>
        </a>
      </article>
    </div>
  </section>
</DocumentFragment>
`;
